/Users/thuanyen/Documents/GitHub/powerpoint-python-pptx-mcp/.venv/lib/python3.13/site-packages/pytest_benchmark/logger.py:44: PytestBenchmarkWarning: Benchmarks are automatically disabled because xdist plugin is active.Benchmarks cannot be performed reliably in a parallelized environment.
  warner(PytestBenchmarkWarning(text))
/Users/thuanyen/Documents/GitHub/powerpoint-python-pptx-mcp/.venv/lib/python3.13/site-packages/pytest_benchmark/logger.py:44: PytestBenchmarkWarning: Benchmarks are automatically disabled because xdist plugin is active.Benchmarks cannot be performed reliably in a parallelized environment.
  warner(PytestBenchmarkWarning(text))
/Users/thuanyen/Documents/GitHub/powerpoint-python-pptx-mcp/.venv/lib/python3.13/site-packages/pytest_benchmark/logger.py:44: PytestBenchmarkWarning: Benchmarks are automatically disabled because xdist plugin is active.Benchmarks cannot be performed reliably in a parallelized environment.
  warner(PytestBenchmarkWarning(text))
/Users/thuanyen/Documents/GitHub/powerpoint-python-pptx-mcp/.venv/lib/python3.13/site-packages/pytest_benchmark/logger.py:44: PytestBenchmarkWarning: Benchmarks are automatically disabled because xdist plugin is active.Benchmarks cannot be performed reliably in a parallelized environment.
  warner(PytestBenchmarkWarning(text))
/Users/thuanyen/Documents/GitHub/powerpoint-python-pptx-mcp/.venv/lib/python3.13/site-packages/pytest_benchmark/logger.py:44: PytestBenchmarkWarning: Benchmarks are automatically disabled because xdist plugin is active.Benchmarks cannot be performed reliably in a parallelized environment.
  warner(PytestBenchmarkWarning(text))
/Users/thuanyen/Documents/GitHub/powerpoint-python-pptx-mcp/.venv/lib/python3.13/site-packages/pytest_benchmark/logger.py:44: PytestBenchmarkWarning: Benchmarks are automatically disabled because xdist plugin is active.Benchmarks cannot be performed reliably in a parallelized environment.
  warner(PytestBenchmarkWarning(text))
/Users/thuanyen/Documents/GitHub/powerpoint-python-pptx-mcp/.venv/lib/python3.13/site-packages/pytest_benchmark/logger.py:44: PytestBenchmarkWarning: Benchmarks are automatically disabled because xdist plugin is active.Benchmarks cannot be performed reliably in a parallelized environment.
  warner(PytestBenchmarkWarning(text))
/Users/thuanyen/Documents/GitHub/powerpoint-python-pptx-mcp/.venv/lib/python3.13/site-packages/pytest_benchmark/logger.py:44: PytestBenchmarkWarning: Benchmarks are automatically disabled because xdist plugin is active.Benchmarks cannot be performed reliably in a parallelized environment.
  warner(PytestBenchmarkWarning(text))
/Users/thuanyen/Documents/GitHub/powerpoint-python-pptx-mcp/.venv/lib/python3.13/site-packages/pytest_benchmark/logger.py:44: PytestBenchmarkWarning: Benchmarks are automatically disabled because xdist plugin is active.Benchmarks cannot be performed reliably in a parallelized environment.
  warner(PytestBenchmarkWarning(text))
/Users/thuanyen/Documents/GitHub/powerpoint-python-pptx-mcp/.venv/lib/python3.13/site-packages/pytest_benchmark/logger.py:44: PytestBenchmarkWarning: Benchmarks are automatically disabled because xdist plugin is active.Benchmarks cannot be performed reliably in a parallelized environment.
  warner(PytestBenchmarkWarning(text))
/Users/thuanyen/Documents/GitHub/powerpoint-python-pptx-mcp/.venv/lib/python3.13/site-packages/pytest_benchmark/logger.py:44: PytestBenchmarkWarning: Benchmarks are automatically disabled because xdist plugin is active.Benchmarks cannot be performed reliably in a parallelized environment.
  warner(PytestBenchmarkWarning(text))
/Users/thuanyen/Documents/GitHub/powerpoint-python-pptx-mcp/.venv/lib/python3.13/site-packages/pytest_benchmark/logger.py:44: PytestBenchmarkWarning: Benchmarks are automatically disabled because xdist plugin is active.Benchmarks cannot be performed reliably in a parallelized environment.
  warner(PytestBenchmarkWarning(text))
/Users/thuanyen/Documents/GitHub/powerpoint-python-pptx-mcp/.venv/lib/python3.13/site-packages/pytest_benchmark/logger.py:44: PytestBenchmarkWarning: Benchmarks are automatically disabled because xdist plugin is active.Benchmarks cannot be performed reliably in a parallelized environment.
  warner(PytestBenchmarkWarning(text))
============================= test session starts ==============================
platform darwin -- Python 3.13.7, pytest-9.0.2, pluggy-1.6.0 -- /Users/thuanyen/Documents/GitHub/powerpoint-python-pptx-mcp/.venv/bin/python3
cachedir: .pytest_cache
benchmark: 5.2.3 (defaults: timer=time.perf_counter disable_gc=False min_rounds=5 min_time=0.000005 max_time=1.0 calibration_precision=10 warmup=False warmup_iterations=100000)
rootdir: /Users/thuanyen/Documents/GitHub/powerpoint-python-pptx-mcp
configfile: pytest.ini (WARNING: ignoring pytest config in pyproject.toml!)
plugins: anyio-4.12.1, benchmark-5.2.3, xdist-3.8.0, asyncio-1.3.0, cov-7.0.0
asyncio: mode=Mode.AUTO, debug=False, asyncio_default_fixture_loop_scope=None, asyncio_default_test_loop_scope=function
created: 12/12 workers
12 workers [166 items]

scheduling tests via LoadScheduling

tests/benchmarks/test_performance.py::TestConfigPerformance::test_config_load_performance 
tests/benchmarks/test_performance.py::TestCachePerformance::test_cache_write_performance 
tests/integration/test_batch_operations.py::TestSlideRangeParsing::test_parse_slide_range_end_before_start 
tests/integration/test_batch_operations.py::TestBatchUpdatesValidation::test_validate_batch_updates_not_list 
tests/integration/test_batch_operations.py::TestBatchOperations::test_read_notes_batch_range_exceeds_slides 
tests/integration/test_batch_operations.py::TestSlideNumbersValidation::test_validate_slide_numbers_negative 
tests/integration/test_batch_operations.py::TestBatchOperations::test_process_notes_workflow 
tests/integration/test_batch_operations.py::TestSlideNumbersValidation::test_validate_slide_numbers_not_list 
tests/integration/test_batch_operations.py::TestBatchUpdatesValidation::test_validate_batch_updates_invalid_slide_number_type 
tests/integration/test_batch_operations.py::TestSlideRangeParsing::test_parse_slide_range_invalid_format 
tests/integration/test_batch_operations.py::TestSlideRangeParsing::test_parse_slide_range_basic 
[gw6] [  0%] PASSED tests/integration/test_batch_operations.py::TestBatchUpdatesValidation::test_validate_batch_updates_not_list 
tests/integration/test_batch_operations.py::TestBatchUpdatesValidation::test_validate_batch_updates_missing_slide_number 
[gw6] [  1%] PASSED tests/integration/test_batch_operations.py::TestBatchUpdatesValidation::test_validate_batch_updates_missing_slide_number 
[gw1] [  1%] PASSED tests/benchmarks/test_performance.py::TestConfigPerformance::test_config_load_performance 
tests/benchmarks/test_performance.py::TestConfigPerformance::test_config_access_performance 
[gw1] [  2%] PASSED tests/benchmarks/test_performance.py::TestConfigPerformance::test_config_access_performance 
[gw8] [  3%] PASSED tests/integration/test_batch_operations.py::TestBatchUpdatesValidation::test_validate_batch_updates_invalid_slide_number_type 
tests/integration/test_batch_operations.py::TestBatchUpdatesValidation::test_validate_batch_updates_invalid_notes_text_type 
[gw8] [  3%] PASSED tests/integration/test_batch_operations.py::TestBatchUpdatesValidation::test_validate_batch_updates_invalid_notes_text_type 
[gw4] [  4%] PASSED tests/integration/test_batch_operations.py::TestSlideRangeParsing::test_parse_slide_range_end_before_start 
tests/integration/test_batch_operations.py::TestSlideNumbersValidation::test_validate_slide_numbers_basic 
[gw4] [  4%] PASSED tests/integration/test_batch_operations.py::TestSlideNumbersValidation::test_validate_slide_numbers_basic 
[gw3] [  5%] PASSED tests/integration/test_batch_operations.py::TestSlideRangeParsing::test_parse_slide_range_invalid_format 
[gw10] [  6%] SKIPPED tests/integration/test_batch_operations.py::TestBatchOperations::test_read_notes_batch_range_exceeds_slides 
tests/integration/test_batch_operations.py::TestBatchOperations::test_update_notes_batch_in_place 
[gw10] [  6%] SKIPPED tests/integration/test_batch_operations.py::TestBatchOperations::test_update_notes_batch_in_place 
[gw2] [  7%] PASSED tests/integration/test_batch_operations.py::TestSlideRangeParsing::test_parse_slide_range_basic 
tests/integration/test_batch_operations.py::TestSlideRangeParsing::test_parse_slide_range_single 
tests/integration/test_batch_operations.py::TestBatchOperations::test_read_notes_batch_with_range 
[gw9] [  7%] SKIPPED tests/integration/test_batch_operations.py::TestBatchOperations::test_read_notes_batch_with_range 
tests/integration/test_batch_operations.py::TestBatchOperations::test_read_notes_batch_all_slides 
[gw5] [  8%] PASSED tests/integration/test_batch_operations.py::TestSlideNumbersValidation::test_validate_slide_numbers_not_list 
tests/integration/test_batch_operations.py::TestSlideNumbersValidation::test_validate_slide_numbers_non_integer 
[gw5] [  9%] PASSED tests/integration/test_batch_operations.py::TestSlideNumbersValidation::test_validate_slide_numbers_non_integer 
[gw11] [  9%] SKIPPED tests/integration/test_batch_operations.py::TestBatchOperations::test_process_notes_workflow 
tests/integration/test_batch_operations.py::TestBatchOperations::test_process_notes_workflow_validation_error 
[gw11] [ 10%] SKIPPED tests/integration/test_batch_operations.py::TestBatchOperations::test_process_notes_workflow_validation_error 
tests/integration/test_batch_operations.py::TestSlideRangeParsing::test_parse_slide_range_non_numeric 
[gw3] [ 10%] PASSED tests/integration/test_batch_operations.py::TestSlideRangeParsing::test_parse_slide_range_non_numeric 
[gw2] [ 11%] PASSED tests/integration/test_batch_operations.py::TestSlideRangeParsing::test_parse_slide_range_single 
[gw0] [ 12%] PASSED tests/benchmarks/test_performance.py::TestCachePerformance::test_cache_write_performance 
tests/benchmarks/test_performance.py::TestCachePerformance::test_cache_read_performance 
[gw0] [ 12%] PASSED tests/benchmarks/test_performance.py::TestCachePerformance::test_cache_read_performance 
[gw9] [ 13%] SKIPPED tests/integration/test_batch_operations.py::TestBatchOperations::test_read_notes_batch_all_slides 
tests/integration/test_batch_operations.py::TestBatchOperations::test_read_notes_batch_with_numbers 
tests/integration/test_architecture.py::test_architecture_integration 
tests/integration/test_batch_operations.py::TestBatchUpdatesValidation::test_validate_batch_updates_missing_notes_text 
[gw6] [ 13%] PASSED tests/integration/test_batch_operations.py::TestBatchUpdatesValidation::test_validate_batch_updates_missing_notes_text 
[gw8] [ 14%] SKIPPED tests/integration/test_batch_operations.py::TestBatchOperations::test_read_notes_batch_with_numbers 
tests/integration/test_batch_operations.py::TestSlideRangeParsing::test_parse_slide_range_negative_start 
tests/integration/test_batch_operations.py::TestSlideNumbersValidation::test_validate_slide_numbers_empty_list 
[gw4] [ 15%] PASSED tests/integration/test_batch_operations.py::TestSlideNumbersValidation::test_validate_slide_numbers_empty_list 
tests/integration/test_replace_text.py::test_error_invalid_slide_number 
tests/integration/test_batch_operations.py::TestSlideRangeParsing::test_parse_slide_range_with_spaces 
[gw2] [ 15%] PASSED tests/integration/test_batch_operations.py::TestSlideRangeParsing::test_parse_slide_range_with_spaces 
tests/unit/test_cache.py::TestLRUCache::test_ttl_expiration 
tests/integration/test_mcp_server.py::test_mcp_server 
tests/integration/test_replace_text.py::test_specific_slide 
tests/integration/test_batch_operations.py::TestSlideNumbersValidation::test_validate_slide_numbers_out_of_range 
tests/benchmarks/test_performance.py::TestCachePerformance::test_cache_hit_rate 
[gw1] [ 16%] PASSED tests/integration/test_architecture.py::test_architecture_integration 
tests/integration/test_batch_operations.py::TestBatchOperations::test_update_notes_batch_new_file 
[gw10] [ 16%] SKIPPED tests/integration/test_batch_operations.py::TestBatchOperations::test_update_notes_batch_new_file 
tests/integration/test_slide_visibility.py::test_set_slide_hidden 
tests/integration/test_mcp_server.py::test_server_import 
[gw6] [ 17%] PASSED tests/integration/test_mcp_server.py::test_server_import 
tests/integration/test_mcp_server.py::test_dependencies 
[gw6] [ 18%] PASSED tests/integration/test_mcp_server.py::test_dependencies 
tests/integration/test_replace_text.py::test_replace_in_notes_literal 
tests/integration/test_batch_operations.py::TestBatchOperations::test_read_notes_batch_both_parameters_error 
[gw3] [ 18%] PASSED tests/integration/test_batch_operations.py::TestSlideRangeParsing::test_parse_slide_range_negative_start 
tests/unit/test_cache.py::TestLRUCache::test_get_nonexistent_key 
[gw3] [ 19%] PASSED tests/unit/test_cache.py::TestLRUCache::test_get_nonexistent_key 
tests/unit/test_cache.py::TestLRUCache::test_set_overwrites_existing 
[gw3] [ 19%] PASSED tests/unit/test_cache.py::TestLRUCache::test_set_overwrites_existing 
[gw9] [ 20%] SKIPPED tests/integration/test_batch_operations.py::TestBatchOperations::test_read_notes_batch_both_parameters_error 
tests/unit/test_cache.py::TestLRUCache::test_thread_safety 
tests/integration/test_replace_text.py::test_replace_with_regex 
[gw9] [ 21%] PASSED tests/unit/test_cache.py::TestLRUCache::test_thread_safety 
tests/unit/test_cache.py::TestLRUCache::test_lru_eviction 
tests/unit/test_cache.py::TestLRUCache::test_cleanup_expired 
[gw3] [ 21%] PASSED tests/unit/test_cache.py::TestLRUCache::test_lru_eviction 
tests/unit/test_cache.py::TestPresentationCache::test_cache_key_includes_mtime 
[gw10] [ 22%] PASSED tests/integration/test_slide_visibility.py::test_set_slide_hidden 
[gw4] [ 22%] PASSED tests/integration/test_replace_text.py::test_error_invalid_slide_number 
tests/integration/test_slide_visibility.py::test_get_slides_metadata 
[gw7] [ 23%] FAILED tests/integration/test_batch_operations.py::TestSlideNumbersValidation::test_validate_slide_numbers_negative 
tests/integration/test_batch_operations.py::TestBatchUpdatesValidation::test_validate_batch_updates_basic 
[gw7] [ 24%] PASSED tests/integration/test_batch_operations.py::TestBatchUpdatesValidation::test_validate_batch_updates_basic 
tests/integration/test_replace_text.py::test_error_invalid_target 
tests/integration/test_batch_operations.py::TestBatchUpdatesValidation::test_validate_batch_updates_empty_list 
[gw7] [ 24%] PASSED tests/integration/test_batch_operations.py::TestBatchUpdatesValidation::test_validate_batch_updates_empty_list 
tests/unit/test_cache.py::TestPresentationCache::test_clear 
[gw7] [ 25%] PASSED tests/unit/test_cache.py::TestPresentationCache::test_clear 
tests/unit/test_cache.py::TestPresentationCache::test_get_stats 
[gw7] [ 25%] PASSED tests/unit/test_cache.py::TestPresentationCache::test_get_stats 
tests/unit/test_config.py::TestSecurityConfig::test_default_values 
[gw5] [ 26%] FAILED tests/integration/test_batch_operations.py::TestSlideNumbersValidation::test_validate_slide_numbers_out_of_range 
[gw7] [ 27%] PASSED tests/unit/test_config.py::TestSecurityConfig::test_default_values 
tests/integration/test_slide_visibility.py::test_get_presentation_info_includes_visibility_stats 
tests/unit/test_config.py::TestPerformanceConfig::test_default_values 
[gw7] [ 27%] PASSED tests/unit/test_config.py::TestPerformanceConfig::test_default_values 
tests/unit/test_config.py::TestLoggingConfig::test_default_values 
[gw8] [ 28%] PASSED tests/integration/test_replace_text.py::test_specific_slide 
[gw7] [ 28%] PASSED tests/unit/test_config.py::TestLoggingConfig::test_default_values 
[gw6] [ 29%] PASSED tests/integration/test_replace_text.py::test_replace_in_notes_literal 
tests/unit/test_config.py::TestConfig::test_default_config 
tests/integration/test_replace_text.py::test_output_path 
[gw7] [ 30%] PASSED tests/unit/test_config.py::TestConfig::test_default_config 
[gw1] [ 30%] PASSED tests/integration/test_replace_text.py::test_replace_with_regex 
tests/unit/test_config.py::TestConfig::test_from_env_development 
tests/integration/test_replace_text.py::test_dry_run 
[gw7] [ 31%] PASSED tests/unit/test_config.py::TestConfig::test_from_env_development 
tests/unit/test_config.py::TestConfig::test_from_env_production 
tests/integration/test_replace_text.py::test_replace_in_content_literal 
[gw7] [ 31%] PASSED tests/unit/test_config.py::TestConfig::test_from_env_production 
tests/unit/test_config.py::TestConfig::test_from_env_workspace_dirs 
[gw7] [ 32%] PASSED tests/unit/test_config.py::TestConfig::test_from_env_workspace_dirs 
tests/unit/test_config.py::TestConfig::test_from_env_cache_settings 
[gw10] [ 33%] PASSED tests/integration/test_slide_visibility.py::test_get_slides_metadata 
tests/integration/test_slide_visibility.py::test_get_slide_content_includes_hidden 
[gw7] [ 33%] PASSED tests/unit/test_config.py::TestConfig::test_from_env_cache_settings 
tests/unit/test_config.py::TestConfig::test_from_env_log_level 
[gw4] [ 34%] PASSED tests/integration/test_replace_text.py::test_error_invalid_target 
[gw7] [ 34%] PASSED tests/unit/test_config.py::TestConfig::test_from_env_log_level 
tests/unit/test_config.py::TestConfig::test_validate_success 
[gw7] [ 35%] PASSED tests/unit/test_config.py::TestConfig::test_validate_success 
tests/integration/test_slide_visibility.py::test_is_slide_hidden 
tests/unit/test_config.py::TestConfig::test_validate_invalid_log_level 
[gw7] [ 36%] PASSED tests/unit/test_config.py::TestConfig::test_validate_invalid_log_level 
tests/unit/test_config.py::TestGlobalConfig::test_get_config_singleton 
[gw7] [ 36%] PASSED tests/unit/test_config.py::TestGlobalConfig::test_get_config_singleton 
[gw5] [ 37%] PASSED tests/integration/test_slide_visibility.py::test_get_presentation_info_includes_visibility_stats 
tests/unit/test_config.py::TestGlobalConfig::test_set_config_validates 
tests/integration/test_slide_visibility_integration.py::test_read_slides_metadata_tool 
[gw7] [ 37%] PASSED tests/unit/test_config.py::TestGlobalConfig::test_set_config_validates 
tests/unit/test_exceptions.py::TestPPTXError::test_basic_creation 
[gw7] [ 38%] PASSED tests/unit/test_exceptions.py::TestPPTXError::test_basic_creation 
tests/unit/test_exceptions.py::TestPPTXError::test_with_details 
[gw7] [ 39%] PASSED tests/unit/test_exceptions.py::TestPPTXError::test_with_details 
tests/unit/test_exceptions.py::TestPPTXError::test_with_cause 
[gw7] [ 39%] PASSED tests/unit/test_exceptions.py::TestPPTXError::test_with_cause 
tests/unit/test_exceptions.py::TestPPTXError::test_to_dict 
[gw7] [ 40%] PASSED tests/unit/test_exceptions.py::TestPPTXError::test_to_dict 
tests/unit/test_exceptions.py::TestPPTXError::test_to_dict_with_cause 
[gw7] [ 40%] PASSED tests/unit/test_exceptions.py::TestPPTXError::test_to_dict_with_cause 
tests/unit/test_exceptions.py::TestValidationErrors::test_validation_error 
[gw7] [ 41%] PASSED tests/unit/test_exceptions.py::TestValidationErrors::test_validation_error 
[gw10] [ 42%] PASSED tests/integration/test_slide_visibility.py::test_get_slide_content_includes_hidden 
tests/unit/test_config.py::TestConfig::test_validate_invalid_max_file_size 
tests/unit/test_exceptions.py::TestValidationErrors::test_invalid_slide_number_error 
[gw10] [ 42%] PASSED tests/unit/test_config.py::TestConfig::test_validate_invalid_max_file_size 
[gw7] [ 43%] PASSED tests/unit/test_exceptions.py::TestValidationErrors::test_invalid_slide_number_error 
tests/unit/test_config.py::TestConfig::test_validate_invalid_cache_size 
[gw4] [ 43%] PASSED tests/integration/test_slide_visibility.py::test_is_slide_hidden 
tests/unit/test_exceptions.py::TestValidationErrors::test_invalid_path_error 
[gw10] [ 44%] PASSED tests/unit/test_config.py::TestConfig::test_validate_invalid_cache_size 
[gw7] [ 45%] PASSED tests/unit/test_exceptions.py::TestValidationErrors::test_invalid_path_error 
tests/unit/test_config.py::TestGlobalConfig::test_set_config 
tests/unit/test_exceptions.py::TestFileOperationErrors::test_file_access_error 
tests/unit/test_exceptions.py::TestFileOperationErrors::test_file_not_found_error 
[gw4] [ 45%] PASSED tests/unit/test_config.py::TestGlobalConfig::test_set_config 
[gw7] [ 46%] PASSED tests/unit/test_exceptions.py::TestFileOperationErrors::test_file_access_error 
[gw10] [ 46%] PASSED tests/unit/test_exceptions.py::TestFileOperationErrors::test_file_not_found_error 
tests/unit/test_exceptions.py::TestFileOperationErrors::test_file_too_large_error 
tests/unit/test_config.py::TestGlobalConfig::test_reset_config 
[gw7] [ 47%] PASSED tests/unit/test_exceptions.py::TestFileOperationErrors::test_file_too_large_error 
tests/unit/test_exceptions.py::TestPresentationErrors::test_slide_not_found_error 
[gw10] [ 48%] PASSED tests/unit/test_exceptions.py::TestPresentationErrors::test_slide_not_found_error 
[gw4] [ 48%] PASSED tests/unit/test_config.py::TestGlobalConfig::test_reset_config 
tests/unit/test_exceptions.py::TestSecurityErrors::test_path_traversal_error 
[gw7] [ 49%] PASSED tests/unit/test_exceptions.py::TestSecurityErrors::test_path_traversal_error 
tests/unit/test_exceptions.py::TestResourceErrors::test_operation_timeout_error 
[gw1] [ 50%] PASSED tests/integration/test_replace_text.py::test_dry_run 
tests/unit/test_exceptions.py::TestSecurityErrors::test_workspace_boundary_error 
[gw4] [ 50%] PASSED tests/unit/test_exceptions.py::TestSecurityErrors::test_workspace_boundary_error 
[gw10] [ 51%] PASSED tests/unit/test_exceptions.py::TestResourceErrors::test_operation_timeout_error 
tests/unit/test_exceptions.py::TestErrorHierarchy::test_all_inherit_from_pptx_error 
[gw7] [ 51%] PASSED tests/unit/test_exceptions.py::TestErrorHierarchy::test_all_inherit_from_pptx_error 
tests/integration/test_replace_text.py::test_max_replacements 
tests/unit/test_middleware.py::TestLoggingMiddleware::test_logs_tool_call 
[gw6] [ 52%] PASSED tests/integration/test_replace_text.py::test_replace_in_content_literal 
tests/unit/test_exceptions.py::TestErrorHierarchy::test_specific_errors_inherit_from_base 
tests/unit/test_middleware.py::TestLoggingMiddleware::test_logs_errors 
tests/unit/test_config.py::TestConfig::test_from_env_max_file_size 
[gw10] [ 53%] PASSED tests/unit/test_exceptions.py::TestErrorHierarchy::test_specific_errors_inherit_from_base 
[gw6] [ 53%] PASSED tests/unit/test_config.py::TestConfig::test_from_env_max_file_size 
[gw4] [ 54%] PASSED tests/unit/test_middleware.py::TestLoggingMiddleware::test_logs_tool_call 
tests/unit/test_middleware.py::TestLoggingMiddleware::test_timing_logged 
tests/unit/test_config.py::TestConfig::test_from_env_invalid_max_file_size 
[gw5] [ 54%] FAILED tests/integration/test_slide_visibility_integration.py::test_read_slides_metadata_tool 
[gw6] [ 55%] PASSED tests/unit/test_config.py::TestConfig::test_from_env_invalid_max_file_size 
[gw7] [ 56%] PASSED tests/unit/test_middleware.py::TestLoggingMiddleware::test_logs_errors 
[gw8] [ 56%] PASSED tests/integration/test_replace_text.py::test_output_path 
tests/integration/test_replace_text.py::test_error_invalid_regex 
tests/unit/test_middleware.py::TestLoggingMiddleware::test_correlation_id_generation 
tests/integration/test_slide_visibility_integration.py::test_read_slide_content_with_hidden 
tests/unit/test_middleware.py::TestValidationMiddleware::test_validates_pptx_path_type 
tests/unit/test_middleware.py::TestValidationMiddleware::test_validates_slide_number_type 
[gw4] [ 57%] PASSED tests/unit/test_middleware.py::TestLoggingMiddleware::test_correlation_id_generation 
[gw6] [ 57%] PASSED tests/unit/test_middleware.py::TestValidationMiddleware::test_validates_pptx_path_type 
[gw7] [ 58%] PASSED tests/unit/test_middleware.py::TestValidationMiddleware::test_validates_slide_number_type 
tests/unit/test_middleware.py::TestValidationMiddleware::test_validates_pptx_path_not_empty 
tests/unit/test_middleware.py::TestMetricsMiddleware::test_records_successful_operation 
tests/unit/test_middleware.py::TestValidationMiddleware::test_passes_valid_arguments 
[gw4] [ 59%] PASSED tests/unit/test_middleware.py::TestValidationMiddleware::test_validates_pptx_path_not_empty 
[gw6] [ 59%] PASSED tests/unit/test_middleware.py::TestValidationMiddleware::test_passes_valid_arguments 
[gw7] [ 60%] PASSED tests/unit/test_middleware.py::TestMetricsMiddleware::test_records_successful_operation 
tests/unit/test_middleware.py::TestMetricsMiddleware::test_records_failed_operation 
tests/unit/test_middleware.py::TestMetricsMiddleware::test_works_without_metrics_collector 
tests/unit/test_middleware.py::TestMiddlewarePipeline::test_executes_single_middleware 
[gw7] [ 60%] PASSED tests/unit/test_middleware.py::TestMetricsMiddleware::test_works_without_metrics_collector 
[gw6] [ 61%] PASSED tests/unit/test_middleware.py::TestMiddlewarePipeline::test_executes_single_middleware 
tests/unit/test_middleware.py::TestMiddlewarePipeline::test_middleware_can_modify_result 
tests/unit/test_middleware.py::TestMiddlewarePipeline::test_middleware_can_catch_errors 
[gw7] [ 62%] PASSED tests/unit/test_middleware.py::TestMiddlewarePipeline::test_middleware_can_modify_result 
[gw6] [ 62%] PASSED tests/unit/test_middleware.py::TestMiddlewarePipeline::test_middleware_can_catch_errors 
tests/unit/test_middleware.py::TestMiddlewarePipeline::test_empty_pipeline 
[gw4] [ 63%] PASSED tests/unit/test_middleware.py::TestMetricsMiddleware::test_records_failed_operation 
tests/unit/test_middleware.py::TestMiddlewarePipeline::test_integration_with_real_middlewares 
[gw6] [ 63%] PASSED tests/unit/test_middleware.py::TestMiddlewarePipeline::test_integration_with_real_middlewares 
[gw7] [ 64%] PASSED tests/unit/test_middleware.py::TestMiddlewarePipeline::test_empty_pipeline 
tests/unit/test_middleware.py::TestMiddlewarePipeline::test_executes_multiple_middlewares_in_order 
tests/unit/test_rate_limiter.py::TestTokenBucketRateLimiter::test_initialization 
tests/unit/test_rate_limiter.py::TestTokenBucketRateLimiter::test_default_burst 
[gw4] [ 65%] PASSED tests/unit/test_middleware.py::TestMiddlewarePipeline::test_executes_multiple_middlewares_in_order 
[gw7] [ 65%] PASSED tests/unit/test_rate_limiter.py::TestTokenBucketRateLimiter::test_initialization 
[gw6] [ 66%] PASSED tests/unit/test_rate_limiter.py::TestTokenBucketRateLimiter::test_default_burst 
tests/unit/test_rate_limiter.py::TestTokenBucketRateLimiter::test_acquire_multiple_tokens 
tests/unit/test_rate_limiter.py::TestTokenBucketRateLimiter::test_acquire_blocks_when_no_tokens 
tests/unit/test_rate_limiter.py::TestTokenBucketRateLimiter::test_acquire_single_token 
[gw7] [ 66%] PASSED tests/unit/test_rate_limiter.py::TestTokenBucketRateLimiter::test_acquire_multiple_tokens 
[gw4] [ 67%] PASSED tests/unit/test_rate_limiter.py::TestTokenBucketRateLimiter::test_acquire_single_token 
[gw10] [ 68%] PASSED tests/unit/test_middleware.py::TestLoggingMiddleware::test_timing_logged 
tests/unit/test_rate_limiter.py::TestTokenBucketRateLimiter::test_try_acquire_success 
tests/unit/test_rate_limiter.py::TestTokenBucketRateLimiter::test_acquire_exceeds_burst_raises_error 
tests/unit/test_middleware.py::TestValidationMiddleware::test_validates_slide_number_positive 
[gw7] [ 68%] PASSED tests/unit/test_rate_limiter.py::TestTokenBucketRateLimiter::test_try_acquire_success 
[gw4] [ 69%] PASSED tests/unit/test_rate_limiter.py::TestTokenBucketRateLimiter::test_acquire_exceeds_burst_raises_error 
[gw10] [ 69%] PASSED tests/unit/test_middleware.py::TestValidationMiddleware::test_validates_slide_number_positive 
tests/unit/test_rate_limiter.py::TestTokenBucketRateLimiter::test_tokens_refill_over_time 
tests/unit/test_rate_limiter.py::TestTokenBucketRateLimiter::test_tokens_capped_at_burst 
tests/unit/test_rate_limiter.py::TestTokenBucketRateLimiter::test_get_available_tokens 
[gw10] [ 70%] PASSED tests/unit/test_rate_limiter.py::TestTokenBucketRateLimiter::test_get_available_tokens 
tests/unit/test_rate_limiter.py::TestTokenBucketRateLimiter::test_concurrent_acquires 
[gw10] [ 71%] PASSED tests/unit/test_rate_limiter.py::TestTokenBucketRateLimiter::test_concurrent_acquires 
tests/unit/test_rate_limiter.py::TestRateLimiterMiddleware::test_middleware_with_rate_limiting_disabled 
[gw0] [ 71%] PASSED tests/benchmarks/test_performance.py::TestCachePerformance::test_cache_hit_rate 
[gw1] [ 72%] PASSED tests/integration/test_replace_text.py::test_max_replacements 
tests/unit/test_cache.py::TestLRUCache::test_clear 
[gw8] [ 72%] PASSED tests/integration/test_replace_text.py::test_error_invalid_regex 
[gw10] [ 73%] PASSED tests/unit/test_rate_limiter.py::TestRateLimiterMiddleware::test_middleware_with_rate_limiting_disabled 
[gw0] [ 74%] PASSED tests/unit/test_cache.py::TestLRUCache::test_clear 
tests/integration/test_replace_text.py::test_max_replacements_literal 
tests/integration/test_replace_text.py::test_error_invalid_file 
tests/unit/test_cache.py::TestLRUCache::test_statistics_tracking 
[gw0] [ 74%] PASSED tests/unit/test_cache.py::TestLRUCache::test_statistics_tracking 
tests/unit/test_rate_limiter.py::TestRateLimiterMiddleware::test_middleware_allows_within_limit 
tests/unit/test_cache.py::TestLRUCache::test_eviction_tracking 
[gw10] [ 75%] PASSED tests/unit/test_rate_limiter.py::TestRateLimiterMiddleware::test_middleware_allows_within_limit 
[gw0] [ 75%] PASSED tests/unit/test_cache.py::TestLRUCache::test_eviction_tracking 
[gw8] [ 76%] PASSED tests/integration/test_replace_text.py::test_error_invalid_file 
tests/unit/test_rate_limiter.py::TestGlobalRateLimiter::test_get_rate_limiter_with_disabled 
tests/unit/test_rate_limiter.py::TestGlobalRateLimiter::test_get_rate_limiter_with_enabled 
tests/unit/test_rate_limiter.py::TestRateLimiterMiddleware::test_middleware_error_includes_retry_after 
[gw10] [ 77%] PASSED tests/unit/test_rate_limiter.py::TestGlobalRateLimiter::test_get_rate_limiter_with_enabled 
[gw5] [ 77%] FAILED tests/integration/test_slide_visibility_integration.py::test_read_slide_content_with_hidden 
[gw0] [ 78%] PASSED tests/unit/test_rate_limiter.py::TestGlobalRateLimiter::test_get_rate_limiter_with_disabled 
tests/unit/test_rate_limiter.py::TestGlobalRateLimiter::test_reset_rate_limiter 
[gw8] [ 78%] PASSED tests/unit/test_rate_limiter.py::TestRateLimiterMiddleware::test_middleware_error_includes_retry_after 
tests/unit/test_middleware.py::TestValidationMiddleware::test_passes_arguments_without_validation_fields 
tests/unit/test_rate_limiter.py::TestGlobalRateLimiter::test_get_rate_limiter_singleton 
[gw10] [ 79%] PASSED tests/unit/test_rate_limiter.py::TestGlobalRateLimiter::test_reset_rate_limiter 
tests/unit/test_registry.py::TestToolRegistry::test_register_and_dispatch 
[gw0] [ 80%] PASSED tests/unit/test_rate_limiter.py::TestGlobalRateLimiter::test_get_rate_limiter_singleton 
tests/unit/test_registry.py::TestToolRegistry::test_register_handler_method 
[gw5] [ 80%] PASSED tests/unit/test_middleware.py::TestValidationMiddleware::test_passes_arguments_without_validation_fields 
tests/unit/test_registry.py::TestToolRegistry::test_is_registered 
[gw8] [ 81%] PASSED tests/unit/test_registry.py::TestToolRegistry::test_register_and_dispatch 
[gw10] [ 81%] PASSED tests/unit/test_registry.py::TestToolRegistry::test_register_handler_method 
tests/unit/test_registry.py::TestToolRegistry::test_dispatch_unknown_tool 
[gw0] [ 82%] PASSED tests/unit/test_registry.py::TestToolRegistry::test_is_registered 
tests/unit/test_registry.py::TestToolRegistry::test_get_registered_tools 
tests/unit/test_registry.py::TestToolRegistry::test_unregister_nonexistent 
[gw5] [ 83%] PASSED tests/unit/test_registry.py::TestToolRegistry::test_dispatch_unknown_tool 
tests/unit/test_registry.py::TestToolRegistry::test_unregister 
[gw8] [ 83%] PASSED tests/unit/test_registry.py::TestToolRegistry::test_get_registered_tools 
[gw10] [ 84%] PASSED tests/unit/test_registry.py::TestToolRegistry::test_unregister 
[gw0] [ 84%] PASSED tests/unit/test_registry.py::TestToolRegistry::test_unregister_nonexistent 
tests/unit/test_registry.py::TestToolRegistry::test_clear 
tests/unit/test_registry.py::TestToolRegistry::test_overwrite_warning 
[gw5] [ 85%] PASSED tests/unit/test_registry.py::TestToolRegistry::test_clear 
tests/unit/test_registry.py::TestToolRegistry::test_multiple_tools 
tests/unit/test_registry.py::TestGlobalRegistry::test_get_tool_registry_singleton 
tests/unit/test_registry.py::TestGlobalRegistry::test_reset_tool_registry 
[gw10] [ 86%] PASSED tests/unit/test_registry.py::TestGlobalRegistry::test_get_tool_registry_singleton 
[gw8] [ 86%] PASSED tests/unit/test_registry.py::TestToolRegistry::test_overwrite_warning 
[gw5] [ 87%] PASSED tests/unit/test_registry.py::TestGlobalRegistry::test_reset_tool_registry 
tests/unit/test_registry.py::TestGlobalRegistry::test_register_tool_decorator 
[gw0] [ 87%] PASSED tests/unit/test_registry.py::TestToolRegistry::test_multiple_tools 
[gw8] [ 88%] PASSED tests/unit/test_registry.py::TestGlobalRegistry::test_register_tool_decorator 
[gw3] [ 89%] PASSED tests/unit/test_cache.py::TestPresentationCache::test_cache_key_includes_mtime 
tests/unit/test_cache.py::TestPresentationCache::test_invalidate 
[gw3] [ 89%] PASSED tests/unit/test_cache.py::TestPresentationCache::test_invalidate 
[gw1] [ 90%] PASSED tests/integration/test_replace_text.py::test_max_replacements_literal 
tests/unit/test_rate_limiter.py::TestRateLimiterMiddleware::test_middleware_blocks_exceeding_limit 
[gw1] [ 90%] PASSED tests/unit/test_rate_limiter.py::TestRateLimiterMiddleware::test_middleware_blocks_exceeding_limit 
[gw6] [ 91%] PASSED tests/unit/test_rate_limiter.py::TestTokenBucketRateLimiter::test_acquire_blocks_when_no_tokens 
tests/unit/test_rate_limiter.py::TestTokenBucketRateLimiter::test_try_acquire_failure 
[gw6] [ 92%] PASSED tests/unit/test_rate_limiter.py::TestTokenBucketRateLimiter::test_try_acquire_failure 
[gw7] [ 92%] PASSED tests/unit/test_rate_limiter.py::TestTokenBucketRateLimiter::test_tokens_refill_over_time 
tests/unit/test_rate_limiter.py::TestTokenBucketRateLimiter::test_get_wait_time_no_wait 
[gw7] [ 93%] PASSED tests/unit/test_rate_limiter.py::TestTokenBucketRateLimiter::test_get_wait_time_no_wait 
[gw4] [ 93%] PASSED tests/unit/test_rate_limiter.py::TestTokenBucketRateLimiter::test_tokens_capped_at_burst 
tests/unit/test_rate_limiter.py::TestTokenBucketRateLimiter::test_get_wait_time_with_wait 
[gw4] [ 94%] PASSED tests/unit/test_rate_limiter.py::TestTokenBucketRateLimiter::test_get_wait_time_with_wait 
[gw2] [ 95%] PASSED tests/unit/test_cache.py::TestLRUCache::test_ttl_expiration 
tests/unit/test_cache.py::TestLRUCache::test_ttl_none_never_expires 
[gw2] [ 95%] PASSED tests/unit/test_cache.py::TestLRUCache::test_ttl_none_never_expires 
tests/unit/test_cache.py::TestLRUCache::test_delete 
[gw2] [ 96%] PASSED tests/unit/test_cache.py::TestLRUCache::test_delete 
[gw9] [ 96%] PASSED tests/unit/test_cache.py::TestLRUCache::test_cleanup_expired 
tests/unit/test_cache.py::TestPresentationCache::test_get_nonexistent_presentation 
[gw9] [ 97%] PASSED tests/unit/test_cache.py::TestPresentationCache::test_get_nonexistent_presentation 